[2026-08-17 15:31:26] 检查 FGO 主线工具运行环境
[2026-08-17 15:31:26] 首次运行：正在创建独立环境 .venv
[2026-08-17 15:31:30] 正在安装发布包内置依赖，无需连接 PyPI
Looking in links: d:\fgo\FGO-MuMu-Auto-v1.0.1-Windows\wheels
Processing d:\fgo\fgo-mumu-auto-v1.0.1-windows\wheels\opencv_python-4.9.0.80-cp37-abi3-win_amd64.whl (from -r D:\fgo\FGO-MuMu-Auto-v1.0.1-Windows\requirements-lock.txt (line 2))
Processing d:\fgo\fgo-mumu-auto-v1.0.1-windows\wheels\numpy-1.26.4-cp312-cp312-win_amd64.whl (from -r D:\fgo\FGO-MuMu-Auto-v1.0.1-Windows\requirements-lock.txt (line 3))
Processing d:\fgo\fgo-mumu-auto-v1.0.1-windows\wheels\pyyaml-6.0.2-cp312-cp312-win_amd64.whl (from -r D:\fgo\FGO-MuMu-Auto-v1.0.1-Windows\requirements-lock.txt (line 4))
Installing collected packages: PyYAML, numpy, opencv-python
Successfully installed PyYAML-6.0.2 numpy-1.26.4 opencv-python-4.9.0.80
[2026-08-17 15:31:36] 依赖安装完成
Runtime check OK
[2026-08-17 15:31:37] 正在打开控制面板
[2026-08-17 19:43:03] 检查 FGO 主线工具运行环境
[2026-08-17 19:43:03] 运行依赖已就绪，无需重复下载
Runtime check OK
[2026-08-17 19:43:04] 正在打开控制面板
[2026-08-18 14:28:39] 检查 FGO 主线工具运行环境
[2026-08-18 14:28:39] 运行依赖已就绪，无需重复下载
Runtime check OK
[2026-08-18 14:28:40] 正在打开控制面板
[2026-08-18 15:02:26] 检查 FGO 主线工具运行环境
[2026-08-18 15:02:26] 运行依赖已就绪，无需重复下载
Runtime check OK
[2026-08-18 15:02:26] 正在打开控制面板
[2026-08-18 15:10:43] 检查 FGO 主线工具运行环境
[2026-08-18 15:10:43] 运行依赖已就绪，无需重复下载
Runtime check OK
[2026-08-18 15:10:43] 正在打开控制面板
[2026-08-18 17:49:38] 检查 FGO 主线工具运行环境
[2026-08-18 17:49:38] 运行依赖已就绪，无需重复下载
Runtime check OK
[2026-08-18 17:49:39] 正在打开控制面板
[2026-08-18 19:33:17] 检查 FGO 主线工具运行环境
[2026-08-18 19:33:17] 运行依赖已就绪，无需重复下载
Runtime check OK
[2026-08-18 19:33:17] 正在打开控制面板
[2026-08-19 09:23:35] 检查 FGO 主线工具运行环境
[2026-08-19 09:23:35] 运行依赖已就绪，无需重复下载
Runtime check OK
[2026-08-19 09:23:36] 正在打开控制面板
[2026-08-19 15:29:49] 检查 FGO 主线工具运行环境
[2026-08-19 15:29:50] 运行依赖已就绪，无需重复下载
Runtime check OK
[2026-08-19 15:29:51] 正在打开控制面板
[2026-08-22 14:39:01] 检查 FGO 主线工具运行环境
[2026-08-22 14:39:01] 运行依赖已就绪，无需重复下载
Runtime check OK
[2026-08-22 14:39:02] 正在打开控制面板
[2026-08-23 15:59:57] 检查 FGO 主线工具运行环境
[2026-08-23 15:59:57] 运行依赖已就绪，无需重复下载
Runtime check OK
[2026-08-23 15:59:59] 正在打开控制面板
[2026-08-23 18:14:58] 检查 FGO 主线工具运行环境
[2026-08-23 18:14:58] 运行依赖已就绪，无需重复下载
Runtime check OK
[2026-08-23 18:14:58] 正在打开控制面板
[2026-08-24 09:45:34] 检查 FGO 主线工具运行环境
[2026-08-24 09:45:34] 运行依赖已就绪，无需重复下载
Runtime check OK
[2026-08-24 09:45:35] 正在打开控制面板
[2026-08-24 11:17:07] 检查 FGO 主线工具运行环境
[2026-08-24 11:17:07] 运行依赖已就绪，无需重复下载
Runtime check OK
[2026-08-24 11:17:08] 正在打开控制面板
[2026-08-24 13:25:36] 检查 FGO 主线工具运行环境
[2026-08-24 13:25:36] 运行依赖已就绪，无需重复下载
Runtime check OK
[2026-08-24 13:25:36] 正在打开控制面板
[2026-08-24 14:31:01] 检查 FGO 主线工具运行环境
[2026-08-24 14:31:01] 运行依赖已就绪，无需重复下载
Runtime check OK
[2026-08-24 14:31:01] 正在打开控制面板
[2026-08-24 15:28:58] 检查 FGO 主线工具运行环境
[2026-08-24 15:28:58] 运行依赖已就绪，无需重复下载
Runtime check OK
[2026-08-24 15:28:59] 正在打开控制面板
[2026-08-24 16:04:25] 检查 FGO 主线工具运行环境
[2026-08-24 16:04:25] 运行依赖已就绪，无需重复下载
Runtime check OK
[2026-08-24 16:04:25] 正在打开控制面板
[2026-08-24 16:43:26] 检查 FGO 主线工具运行环境
[2026-08-24 16:43:26] 运行依赖已就绪，无需重复下载
Runtime check OK
[2026-08-24 16:43:26] 正在打开控制面板
[2026-08-24 16:47:01] 检查 FGO 主线工具运行环境
[2026-08-24 16:47:01] 运行依赖已就绪，无需重复下载
Runtime check OK
[2026-08-24 16:47:01] 正在打开控制面板
[2026-08-24 19:51:00] 检查 FGO 主线工具运行环境
[2026-08-24 19:51:00] 运行依赖已就绪，无需重复下载
Runtime check OK
[2026-08-24 19:51:00] 正在打开控制面板
[2026-08-25 10:31:22] 检查 FGO 主线工具运行环境
[2026-08-25 10:31:23] 运行依赖已就绪，无需重复下载
Runtime check OK
[2026-08-25 10:31:24] 正在打开控制面板
[2026-08-25 17:44:41] 检查 FGO 主线工具运行环境
[2026-08-25 17:44:41] 运行依赖已就绪，无需重复下载
Runtime check OK
[2026-08-25 17:44:42] 正在打开控制面板
[2026-08-25 19:50:09] 检查 FGO 主线工具运行环境
[2026-08-25 19:50:09] 运行依赖已就绪，无需重复下载
Runtime check OK
[2026-08-25 19:50:09] 正在打开控制面板
[2026-08-26 14:18:19] 检查 FGO 主线工具运行环境
[2026-08-26 14:18:19] 运行依赖已就绪，无需重复下载
Runtime check OK
[2026-08-26 14:18:20] 正在打开控制面板
[2026-08-26 15:44:12] 检查 FGO 主线工具运行环境
[2026-08-26 15:44:12] 运行依赖已就绪，无需重复下载
Runtime check OK
[2026-08-26 15:44:12] 正在打开控制面板
[2026-08-26 20:04:17] 检查 FGO 主线工具运行环境
[2026-08-26 20:04:17] 运行依赖已就绪，无需重复下载
Runtime check OK
[2026-08-26 20:04:18] 正在打开控制面板
[2026-08-27 17:26:22] 检查 FGO 主线工具运行环境
[2026-08-27 17:26:22] 运行依赖已就绪，无需重复下载
Runtime check OK
[2026-08-27 17:26:23] 正在打开控制面板
[2026-08-28 13:07:28] 检查 FGO 主线工具运行环境
[2026-08-28 13:07:28] 运行依赖已就绪，无需重复下载
Runtime check OK
[2026-08-28 13:07:29] 正在打开控制面板
[2026-08-28 16:49:39] 检查 FGO 主线工具运行环境
[2026-08-28 16:49:39] 运行依赖已就绪，无需重复下载
Runtime check OK
[2026-08-28 16:49:40] 正在打开控制面板
[2026-08-28 16:52:20] 检查 FGO 主线工具运行环境
[2026-08-28 16:52:20] 运行依赖已就绪，无需重复下载
Runtime check OK
[2026-08-28 16:52:20] 正在打开控制面板
[2026-08-28 16:59:10] 检查 FGO 主线工具运行环境
[2026-08-28 16:59:10] 运行依赖已就绪，无需重复下载
Runtime check OK
[2026-08-28 16:59:10] 正在打开控制面板
[2026-08-28 17:01:04] 检查 FGO 主线工具运行环境
[2026-08-28 17:01:04] 运行依赖已就绪，无需重复下载
Runtime check OK
[2026-08-28 17:01:05] 正在打开控制面板
[2026-08-31 10:27:50] 检查 FGO 主线工具运行环境
[2026-08-31 10:27:50] 运行依赖已就绪，无需重复下载
Runtime check OK
[2026-08-31 10:27:51] 正在打开控制面板
[2026-08-31 10:44:33] 检查 FGO 主线工具运行环境
[2026-08-31 10:44:33] 运行依赖已就绪，无需重复下载
Runtime check OK
[2026-08-31 10:44:33] 正在打开控制面板
[2026-08-31 11:08:06] 检查 FGO 主线工具运行环境
[2026-08-31 11:08:06] 运行依赖已就绪，无需重复下载
Runtime check OK
[2026-08-31 11:08:07] 正在打开控制面板
[2026-08-31 13:41:20] 检查 FGO 主线工具运行环境
[2026-08-31 13:41:20] 运行依赖已就绪，无需重复下载
Runtime check OK
[2026-08-31 13:41:21] 正在打开控制面板
[2026-08-31 13:58:57] 检查 FGO 主线工具运行环境
[2026-08-31 13:58:57] 运行依赖已就绪，无需重复下载
Runtime check OK
[2026-08-31 13:58:57] 正在打开控制面板
[2026-08-31 21:04:53] 检查 FGO 主线工具运行环境
[2026-08-31 21:04:53] 运行依赖已就绪，无需重复下载
Runtime check OK
[2026-08-31 21:04:54] 正在打开控制面板
[2026-09-01 11:28:44] 检查 FGO 主线工具运行环境
[2026-09-01 11:28:44] 运行依赖已就绪，无需重复下载
Runtime check OK
[2026-09-01 11:28:45] 正在打开控制面板
[2026-09-01 15:41:32] 检查 FGO 主线工具运行环境
[2026-09-01 15:41:32] 运行依赖已就绪，无需重复下载
Runtime check OK
[2026-09-01 15:41:33] 正在打开控制面板
[2026-09-04 20:11:22] 检查 FGO 主线工具运行环境
[2026-09-04 20:11:22] 运行依赖已就绪，无需重复下载
Runtime check OK
[2026-09-04 20:11:24] 正在打开控制面板
[2026-09-10 20:20:00] 检查 FGO 主线工具运行环境
[2026-09-10 20:20:00] 运行依赖已就绪，无需重复下载
Runtime check OK
[2026-09-10 20:20:01] 正在打开控制面板
[2026-09-11 16:49:01] 检查 FGO 主线工具运行环境
[2026-09-11 16:49:01] 运行依赖已就绪，无需重复下载
Runtime check OK
[2026-09-11 16:49:02] 正在打开控制面板
[2026-09-13 13:55:10] 检查 FGO 主线工具运行环境
[2026-09-13 13:55:10] 运行依赖已就绪，无需重复下载
Runtime check OK
[2026-09-13 13:55:11] 正在打开控制面板
[2026-09-13 15:37:57] 检查 FGO 主线工具运行环境
[2026-09-13 15:37:57] 运行依赖已就绪，无需重复下载
Runtime check OK
[2026-09-13 15:37:57] 正在打开控制面板
[2026-09-22 14:48:00] 检查 FGO 主线工具运行环境
[2026-09-22 14:48:01] 运行依赖已就绪，无需重复下载
Runtime check OK
[2026-09-22 14:48:01] 正在打开控制面板
[2026-10-03 15:19:16] 检查 FGO 主线工具运行环境
[2026-10-03 15:19:16] 运行依赖已就绪，无需重复下载
Runtime check OK
[2026-10-03 15:19:17] 正在打开控制面板
[2026-10-07 13:13:26] 检查 FGO 主线工具运行环境
[2026-10-07 13:13:27] 运行依赖已就绪，无需重复下载
Runtime check OK
[2026-10-07 13:13:28] 正在打开控制面板
